2026-09-14 21:23:07 INFO  (LoggingInitialization) Using log config file: jar:file:/C:/dev/ghidra/Ghidra/Framework/Generic/lib/Generic.jar!/generic.log4j.xml  
2026-09-14 21:23:07 INFO  (LoggingInitialization) Using log file: \\vmware-host\Shared Folders\Thomas\Projets\Forbidden memories\forbidden-memories-new3ds\research\su-ghidra\20260914T192136Z-c0a29453\variant_1\ghidra.log  
2026-09-14 21:23:07 DEBUG (GhidraObjectInputFilter) Including serial input filter: FileSystem/data/client.rmi.serial.filter  
2026-09-14 21:23:07 INFO  (Preferences) Loading user preferences: C:\Users\MAO\AppData\Roaming\ghidra\ghidra_12.1.3_PUBLIC\preferences  
2026-09-14 21:23:07 INFO  (ClassSearcher) Searching for classes...  
2026-09-14 21:23:08 INFO  (ClassSearcher) Class search complete (778 ms)  
2026-09-14 21:23:08 INFO  (DefaultSSLContextInitializer) Initializing SSL Context  
2026-09-14 21:23:08 INFO  (SecureRandomFactory) Initializing Random Number Generator...  
2026-09-14 21:23:08 INFO  (SecureRandomFactory) Random Number Generator initialization complete: SHA1PRNG  
2026-09-14 21:23:08 INFO  (DefaultTrustManagerFactory) Trust manager disabled, cacerts have not been set  
2026-09-14 21:23:10 INFO  (AnalyzeHeadless) Headless startup complete (4036 ms)  
2026-09-14 21:23:10 INFO  (ClassSearcher) Class searcher loaded 93 extension points (46 false positives)  
2026-09-14 21:23:10 INFO  (HeadlessAnalyzer) HEADLESS Script Paths:
    C:\dev\ghidra\Ghidra\Features\FunctionID\ghidra_scripts
    C:\dev\ghidra\Ghidra\Processors\JVM\ghidra_scripts
    C:\dev\ghidra\Ghidra\Features\WildcardAssembler\ghidra_scripts
    C:\dev\ghidra\Ghidra\Features\BSim\ghidra_scripts
    C:\dev\ghidra\Ghidra\Processors\PIC\ghidra_scripts
    C:\dev\ghidra\Ghidra\Features\PDB\ghidra_scripts
    C:\dev\ghidra\Ghidra\Features\SystemEmulation\ghidra_scripts
    C:\dev\ghidra\Ghidra\Features\FileFormats\ghidra_scripts
    C:\dev\ghidra\Ghidra\Processors\8051\ghidra_scripts
    C:\dev\ghidra\Ghidra\Features\GnuDemangler\ghidra_scripts
    C:\dev\ghidra\Ghidra\Features\Base\ghidra_scripts
    C:\dev\ghidra\Ghidra\Features\PyGhidra\ghidra_scripts
    C:\dev\ghidra\Ghidra\Features\VersionTracking\ghidra_scripts
    C:\dev\ghidra\Ghidra\Debug\Debugger-rmi-trace\ghidra_scripts
    C:\dev\ghidra\Ghidra\Processors\DATA\ghidra_scripts
    \\vmware-host\Shared Folders\Thomas\Projets\Forbidden memories\forbidden-memories-new3ds\tools\ghidra
    C:\dev\ghidra\Ghidra\Features\BytePatterns\ghidra_scripts
    C:\dev\ghidra\Ghidra\Features\DecompilerDependent\ghidra_scripts
    C:\dev\ghidra\Ghidra\Features\SwiftDemangler\ghidra_scripts
    C:\dev\ghidra\Ghidra\Debug\Debugger\ghidra_scripts
    C:\dev\ghidra\Ghidra\Features\MicrosoftCodeAnalyzer\ghidra_scripts
    C:\dev\ghidra\Ghidra\Features\Decompiler\ghidra_scripts
    C:\dev\ghidra\Ghidra\Processors\Atmel\ghidra_scripts  
2026-09-14 21:23:10 INFO  (HeadlessAnalyzer) HEADLESS: execution starts  
2026-09-14 21:23:10 INFO  (HeadlessAnalyzer) Creating project: //vmware-host/Shared Folders/Thomas/Projets/Forbidden memories/forbidden-memories-new3ds/work/su-ghidra/20260914T192136Z-c0a29453/variant_1/FM_SU  
2026-09-14 21:23:10 INFO  (DefaultProject) Creating project: //vmware-host/Shared Folders/Thomas/Projets/Forbidden memories/forbidden-memories-new3ds/work/su-ghidra/20260914T192136Z-c0a29453/variant_1/FM_SU  
2026-09-14 21:23:11 INFO  (HeadlessAnalyzer) REPORT: Processing input files:   
2026-09-14 21:23:11 INFO  (HeadlessAnalyzer)      project: //vmware-host/Shared Folders/Thomas/Projets/Forbidden memories/forbidden-memories-new3ds/work/su-ghidra/20260914T192136Z-c0a29453/variant_1/FM_SU  
2026-09-14 21:23:11 INFO  (HeadlessAnalyzer) IMPORTING: file:////vmware-host/Shared Folders/Thomas/Projets/Forbidden memories/forbidden-memories-new3ds-main/work/extracted/payload.bin  
2026-09-14 21:23:11 INFO  (ProgramLoader) Successfully applied "-loader-baseAddr" to "Base Address" (old: "null", new: "0x80010000")  
2026-09-14 21:23:11 INFO  (ProgramLoader) Using Loader: Raw Binary  
2026-09-14 21:23:11 INFO  (ProgramLoader) Using Language/Compiler: MIPS:LE:32:default:default  
2026-09-14 21:23:11 INFO  (ProgramLoader) Using Library Search Path: [., C:\WINDOWS\SysWOW64, C:\Program Files\Eclipse Adoptium\jdk-25.0.4.101-hotspot\bin, C:\WINDOWS\Sun\Java\bin, C:\WINDOWS\system32, C:\WINDOWS, C:\WINDOWS\System32\Wbem, C:\WINDOWS\System32\WindowsPowerShell\v1.0\, C:\WINDOWS\System32\OpenSSH\, C:\Program Files\dotnet\, C:\Users\MAO\AppData\Local\Programs\Python\Python314\Scripts\, C:\Users\MAO\AppData\Local\Programs\Python\Python314\, C:\Users\MAO\AppData\Local\Microsoft\WindowsApps, C:\Users\MAO\.dotnet\tools, C:\Users\MAO\AppData\Local\GitHubDesktop\bin]  
2026-09-14 21:23:11 INFO  (HeadlessAnalyzer) IMPORTING: Loaded 0 additional files  
2026-09-14 21:23:11 INFO  (HeadlessAnalyzer) REPORT: Execute script: PrepareSU.java '\\vmware-host\Shared Folders\Thomas\Projets\Forbidden memories\forbidden-memories-new3ds\research\su-probe\20260914T191332Z-c4ce3241\su_variant_1_candidate.bin'   
2026-09-14 21:23:11 INFO  (HeadlessAnalyzer) SCRIPT: \\vmware-host\Shared Folders\Thomas\Projets\Forbidden memories\forbidden-memories-new3ds\tools\ghidra\PrepareSU.java  
2026-09-14 21:23:13 INFO  (GhidraScript) PrepareSU.java> SU segment mapped and startup/state seeds created.  
2026-09-14 21:23:13 INFO  (GhidraScript) PrepareSU.java> Synthetic static snapshot: other overlays remain absent; GP/prototypes require review.  
2026-09-14 21:23:14 INFO  (HeadlessAnalyzer) ANALYZING all memory and code: file:////vmware-host/Shared Folders/Thomas/Projets/Forbidden memories/forbidden-memories-new3ds-main/work/extracted/payload.bin  
2026-09-14 21:23:26 DEBUG (FidAnalyzer) No FID Libraries apply for language MIPS:LE:32:default  
2026-09-14 21:23:26 INFO  (PackedDatabaseCache) Packed database cache: C:\Users\MAO\AppData\Local\ghidra\packed-db-cache  
2026-09-14 21:23:26 DEBUG (PackedDatabaseCache) Using cached packed database: C:\dev\ghidra\Ghidra\Features\Base\data\typeinfo\generic\generic_clib.gdt  
2026-09-14 21:23:26 INFO  (ApplyDataArchiveAnalyzer) Applied data type archive: generic_clib  
2026-09-14 21:23:35 INFO  (AutoAnalysisManager) -----------------------------------------------------
    ASCII Strings                              0.332 secs
    Apply Data Archives                        0.449 secs
    Call Convention ID                         0.011 secs
    Call-Fixup Installer                       0.012 secs
    Create Address Tables                      0.056 secs
    Create Address Tables - One Time           0.219 secs
    Create Function                            0.595 secs
    Data Reference                             0.069 secs
    Decompiler Switch Analysis                 7.299 secs
    Demangler GNU                              0.043 secs
    Disassemble                                0.891 secs
    Disassemble Entry Points                   0.002 secs
    Embedded Media                             0.029 secs
    External Entry References                  0.000 secs
    Function ID                                0.102 secs
    Function Start Search                      0.059 secs
    Function Start Search delayed - One Time   0.000 secs
    MIPS Constant Reference Analyzer           5.245 secs
    MIPS Symbol                                0.017 secs
    MIPS UnAlligned Instruction Fix            0.252 secs
    Non-Returning Functions - Discovered       0.175 secs
    Reference                                  0.421 secs
    Shared Return Calls                        0.131 secs
    Stack                                      4.875 secs
    Subroutine References                      0.576 secs
    Subroutine References - One Time           0.001 secs
-----------------------------------------------------
     Total Time   21 secs
-----------------------------------------------------
  
2026-09-14 21:23:35 INFO  (HeadlessAnalyzer) REPORT: Analysis succeeded for file: file:////vmware-host/Shared Folders/Thomas/Projets/Forbidden memories/forbidden-memories-new3ds-main/work/extracted/payload.bin  
2026-09-14 21:23:35 INFO  (HeadlessAnalyzer) REPORT: Execute script: ExportAnalysis.java '\\vmware-host\Shared Folders\Thomas\Projets\Forbidden memories\forbidden-memories-new3ds\research\su-ghidra\20260914T192136Z-c0a29453\variant_1'   
2026-09-14 21:23:36 INFO  (HeadlessAnalyzer) SCRIPT: \\vmware-host\Shared Folders\Thomas\Projets\Forbidden memories\forbidden-memories-new3ds\tools\ghidra\ExportAnalysis.java  
2026-09-14 21:24:27 INFO  (HeadlessAnalyzer) ANALYZING changes made by post scripts: file:////vmware-host/Shared Folders/Thomas/Projets/Forbidden memories/forbidden-memories-new3ds-main/work/extracted/payload.bin  
2026-09-14 21:24:27 INFO  (HeadlessAnalyzer) REPORT: Post-analysis succeeded for file: file:////vmware-host/Shared Folders/Thomas/Projets/Forbidden memories/forbidden-memories-new3ds-main/work/extracted/payload.bin  
2026-09-14 21:24:27 INFO  (LocalFileSystem) /payload.bin: file created (MAO)  
2026-09-14 21:24:27 INFO  (HeadlessAnalyzer) REPORT: Save succeeded for: /payload.bin (FM_SU:/payload.bin)  
2026-09-14 21:24:27 INFO  (HeadlessAnalyzer) REPORT: Import succeeded  
