2026-09-14 20:19:47 INFO  (LoggingInitialization) Using log config file: jar:file:/C:/dev/ghidra/Ghidra/Framework/Generic/lib/Generic.jar!/generic.log4j.xml  
2026-09-14 20:19:47 INFO  (LoggingInitialization) Using log file: \\vmware-host\Shared Folders\Thomas\Projets\Forbidden memories\forbidden-memories-new3ds-main\work\ghidra\20260914T181943Z-c81e28dd\ghidra.log  
2026-09-14 20:19:47 DEBUG (GhidraObjectInputFilter) Including serial input filter: FileSystem/data/client.rmi.serial.filter  
2026-09-14 20:19:47 INFO  (Preferences) Loading user preferences: C:\Users\MAO\AppData\Roaming\ghidra\ghidra_12.1.3_PUBLIC\preferences  
2026-09-14 20:19:47 INFO  (ClassSearcher) Searching for classes...  
2026-09-14 20:19:48 INFO  (ClassSearcher) Class search complete (832 ms)  
2026-09-14 20:19:48 INFO  (DefaultSSLContextInitializer) Initializing SSL Context  
2026-09-14 20:19:48 INFO  (SecureRandomFactory) Initializing Random Number Generator...  
2026-09-14 20:19:48 INFO  (SecureRandomFactory) Random Number Generator initialization complete: SHA1PRNG  
2026-09-14 20:19:48 INFO  (DefaultTrustManagerFactory) Trust manager disabled, cacerts have not been set  
2026-09-14 20:19:48 INFO  (FileCacheMaintenanceDaemon) Starting cache cleanup: C:\Users\MAO\AppData\Local\ghidra\fscache2  
2026-09-14 20:19:48 INFO  (FileCacheMaintenanceDaemon) Finished cache cleanup, estimated storage used: 0  
2026-09-14 20:19:50 INFO  (AnalyzeHeadless) Headless startup complete (6593 ms)  
2026-09-14 20:19:50 INFO  (ClassSearcher) Class searcher loaded 93 extension points (46 false positives)  
2026-09-14 20:19:50 INFO  (HeadlessAnalyzer) HEADLESS Script Paths:
    C:\dev\ghidra\Ghidra\Features\FunctionID\ghidra_scripts
    C:\dev\ghidra\Ghidra\Processors\JVM\ghidra_scripts
    C:\dev\ghidra\Ghidra\Features\WildcardAssembler\ghidra_scripts
    C:\dev\ghidra\Ghidra\Features\BSim\ghidra_scripts
    C:\dev\ghidra\Ghidra\Processors\PIC\ghidra_scripts
    C:\dev\ghidra\Ghidra\Features\PDB\ghidra_scripts
    C:\dev\ghidra\Ghidra\Features\SystemEmulation\ghidra_scripts
    C:\dev\ghidra\Ghidra\Features\FileFormats\ghidra_scripts
    C:\dev\ghidra\Ghidra\Processors\8051\ghidra_scripts
    \\vmware-host\Shared Folders\Thomas\Projets\Forbidden memories\forbidden-memories-new3ds-main\tools\ghidra
    C:\dev\ghidra\Ghidra\Features\GnuDemangler\ghidra_scripts
    C:\dev\ghidra\Ghidra\Features\Base\ghidra_scripts
    C:\dev\ghidra\Ghidra\Features\PyGhidra\ghidra_scripts
    C:\dev\ghidra\Ghidra\Features\VersionTracking\ghidra_scripts
    C:\dev\ghidra\Ghidra\Debug\Debugger-rmi-trace\ghidra_scripts
    C:\dev\ghidra\Ghidra\Processors\DATA\ghidra_scripts
    C:\dev\ghidra\Ghidra\Features\BytePatterns\ghidra_scripts
    C:\dev\ghidra\Ghidra\Features\DecompilerDependent\ghidra_scripts
    C:\dev\ghidra\Ghidra\Features\SwiftDemangler\ghidra_scripts
    C:\dev\ghidra\Ghidra\Debug\Debugger\ghidra_scripts
    C:\dev\ghidra\Ghidra\Features\MicrosoftCodeAnalyzer\ghidra_scripts
    C:\dev\ghidra\Ghidra\Features\Decompiler\ghidra_scripts
    C:\dev\ghidra\Ghidra\Processors\Atmel\ghidra_scripts  
2026-09-14 20:19:50 INFO  (HeadlessAnalyzer) HEADLESS: execution starts  
2026-09-14 20:19:50 INFO  (HeadlessAnalyzer) Creating project: //vmware-host/Shared Folders/Thomas/Projets/Forbidden memories/forbidden-memories-new3ds-main/work/ghidra/20260914T181943Z-c81e28dd/project/FM_FR  
2026-09-14 20:19:50 DEBUG (DefaultProjectManager) No tools found; Installing default tools  
2026-09-14 20:19:50 DEBUG (DefaultProjectManager) 	no recent project directories found  
2026-09-14 20:19:50 INFO  (DefaultProject) Creating project: //vmware-host/Shared Folders/Thomas/Projets/Forbidden memories/forbidden-memories-new3ds-main/work/ghidra/20260914T181943Z-c81e28dd/project/FM_FR  
2026-09-14 20:19:50 INFO  (HeadlessAnalyzer) REPORT: Processing input files:   
2026-09-14 20:19:50 INFO  (HeadlessAnalyzer)      project: //vmware-host/Shared Folders/Thomas/Projets/Forbidden memories/forbidden-memories-new3ds-main/work/ghidra/20260914T181943Z-c81e28dd/project/FM_FR  
2026-09-14 20:19:50 INFO  (HeadlessAnalyzer) IMPORTING: file:////vmware-host/Shared Folders/Thomas/Projets/Forbidden memories/forbidden-memories-new3ds-main/work/extracted/payload.bin  
2026-09-14 20:19:51 INFO  (ProgramLoader) Successfully applied "-loader-baseAddr" to "Base Address" (old: "null", new: "0x80010000")  
2026-09-14 20:19:51 INFO  (ProgramLoader) Using Loader: Raw Binary  
2026-09-14 20:19:51 INFO  (ProgramLoader) Using Language/Compiler: MIPS:LE:32:default:default  
2026-09-14 20:19:51 INFO  (ProgramLoader) Using Library Search Path: [., C:\WINDOWS\SysWOW64, C:\Program Files\Eclipse Adoptium\jdk-25.0.4.101-hotspot\bin, C:\WINDOWS\Sun\Java\bin, C:\WINDOWS\system32, C:\WINDOWS, C:\WINDOWS\System32\Wbem, C:\WINDOWS\System32\WindowsPowerShell\v1.0\, C:\WINDOWS\System32\OpenSSH\, C:\Program Files\dotnet\, C:\Users\MAO\AppData\Local\Programs\Python\Python314\Scripts\, C:\Users\MAO\AppData\Local\Programs\Python\Python314\, C:\Users\MAO\AppData\Local\Microsoft\WindowsApps, C:\Users\MAO\.dotnet\tools, C:\Users\MAO\AppData\Local\GitHubDesktop\bin]  
2026-09-14 20:19:51 INFO  (HeadlessAnalyzer) IMPORTING: Loaded 0 additional files  
2026-09-14 20:19:51 INFO  (HeadlessAnalyzer) REPORT: Execute script: PrepareFrench.java   
2026-09-14 20:19:52 INFO  (HeadlessAnalyzer) SCRIPT: \\vmware-host\Shared Folders\Thomas\Projets\Forbidden memories\forbidden-memories-new3ds-main\tools\ghidra\PrepareFrench.java  
2026-09-14 20:19:53 INFO  (GhidraScript) PrepareFrench.java> French startup seeds installed; GP/overlays still require review.  
2026-09-14 20:19:53 INFO  (HeadlessAnalyzer) ANALYZING all memory and code: file:////vmware-host/Shared Folders/Thomas/Projets/Forbidden memories/forbidden-memories-new3ds-main/work/extracted/payload.bin  
2026-09-14 20:20:05 DEBUG (FidAnalyzer) No FID Libraries apply for language MIPS:LE:32:default  
2026-09-14 20:20:05 INFO  (PackedDatabaseCache) Packed database cache: C:\Users\MAO\AppData\Local\ghidra\packed-db-cache  
2026-09-14 20:20:05 DEBUG (PackedDatabaseCache) Caching packed database: C:\dev\ghidra\Ghidra\Features\Base\data\typeinfo\generic\generic_clib.gdt  
2026-09-14 20:20:05 DEBUG (PackedDatabase) Unpacking database C:\dev\ghidra\Ghidra\Features\Base\data\typeinfo\generic\generic_clib.gdt -> C:\Users\MAO\AppData\Local\ghidra\packed-db-cache\pdb77D1C27C\db.1.gbf  
2026-09-14 20:20:05 DEBUG (PackedDatabaseCache) Cache update completed: C:\dev\ghidra\Ghidra\Features\Base\data\typeinfo\generic\generic_clib.gdt  
2026-09-14 20:20:05 INFO  (ApplyDataArchiveAnalyzer) Applied data type archive: generic_clib  
2026-09-14 20:20:14 INFO  (AutoAnalysisManager) -----------------------------------------------------
    ASCII Strings                              0.314 secs
    Apply Data Archives                        0.601 secs
    Call Convention ID                         0.008 secs
    Call-Fixup Installer                       0.012 secs
    Create Address Tables                      0.086 secs
    Create Address Tables - One Time           0.234 secs
    Create Function                            0.462 secs
    Data Reference                             0.065 secs
    Decompiler Switch Analysis                 7.672 secs
    Demangler GNU                              0.075 secs
    Disassemble                                1.281 secs
    Disassemble Entry Points                   0.002 secs
    Embedded Media                             0.027 secs
    External Entry References                  0.000 secs
    Function ID                                0.157 secs
    Function Start Search                      0.078 secs
    Function Start Search delayed - One Time   0.000 secs
    MIPS Constant Reference Analyzer           4.558 secs
    MIPS Symbol                                0.010 secs
    MIPS UnAlligned Instruction Fix            0.206 secs
    Non-Returning Functions - Discovered       0.113 secs
    Reference                                  0.326 secs
    Shared Return Calls                        0.103 secs
    Stack                                      3.953 secs
    Subroutine References                      0.426 secs
    Subroutine References - One Time           0.001 secs
-----------------------------------------------------
     Total Time   20 secs
-----------------------------------------------------
  
2026-09-14 20:20:14 INFO  (HeadlessAnalyzer) REPORT: Analysis succeeded for file: file:////vmware-host/Shared Folders/Thomas/Projets/Forbidden memories/forbidden-memories-new3ds-main/work/extracted/payload.bin  
2026-09-14 20:20:14 INFO  (HeadlessAnalyzer) REPORT: Execute script: ExportAnalysis.java '\\vmware-host\Shared Folders\Thomas\Projets\Forbidden memories\forbidden-memories-new3ds-main\work\ghidra\20260914T181943Z-c81e28dd\export'   
2026-09-14 20:20:14 INFO  (HeadlessAnalyzer) SCRIPT: \\vmware-host\Shared Folders\Thomas\Projets\Forbidden memories\forbidden-memories-new3ds-main\tools\ghidra\ExportAnalysis.java  
2026-09-14 20:20:56 WARN  (DecompileCallback) Decompiling 801680f4, pcode error at 801ac000: Unable to resolve constructor at 801ac000  
2026-09-14 20:20:59 WARN  (DecompileCallback) Decompiling 80168160, pcode error at 801ac000: Unable to resolve constructor at 801ac000  
2026-09-14 20:21:02 WARN  (DecompileCallback) Decompiling 80168254, pcode error at 801ac000: Unable to resolve constructor at 801ac000  
2026-09-14 20:21:07 WARN  (DecompileCallback) Decompiling 80168344, pcode error at 801ac000: Unable to resolve constructor at 801ac000  
2026-09-14 20:21:12 WARN  (DecompileCallback) Decompiling 8016866c, pcode error at 801ac000: Unable to resolve constructor at 801ac000  
2026-09-14 20:21:16 WARN  (DecompileCallback) Decompiling 801686ac, pcode error at 801ac000: Unable to resolve constructor at 801ac000  
2026-09-14 20:21:21 WARN  (DecompileCallback) Decompiling 80168e1c, pcode error at 801ac000: Unable to resolve constructor at 801ac000  
2026-09-14 20:21:26 WARN  (DecompileCallback) Decompiling 80168fcc, pcode error at 801ac000: Unable to resolve constructor at 801ac000  
2026-09-14 20:21:29 WARN  (DecompileCallback) Decompiling 80169024, pcode error at 801ac000: Unable to resolve constructor at 801ac000  
2026-09-14 20:21:33 WARN  (DecompileCallback) Decompiling 80169a1c, pcode error at 801ac000: Unable to resolve constructor at 801ac000  
2026-09-14 20:21:36 WARN  (DecompileCallback) Decompiling 80169e64, pcode error at 801ac000: Unable to resolve constructor at 801ac000  
2026-09-14 20:21:39 WARN  (DecompileCallback) Decompiling 8016a160, pcode error at 801ac000: Unable to resolve constructor at 801ac000  
2026-09-14 20:21:42 WARN  (DecompileCallback) Decompiling 8016a850, pcode error at 801ac000: Unable to resolve constructor at 801ac000  
2026-09-14 20:21:44 WARN  (DecompileCallback) Decompiling 8017a004, pcode error at 801ac000: Unable to resolve constructor at 801ac000  
2026-09-14 20:21:47 WARN  (DecompileCallback) Decompiling 8017b004, pcode error at 801ac000: Unable to resolve constructor at 801ac000  
2026-09-14 20:21:49 WARN  (DecompileCallback) Decompiling 80180004, pcode error at 801ac000: Unable to resolve constructor at 801ac000  
2026-09-14 20:21:51 WARN  (DecompileCallback) Decompiling 8018001c, pcode error at 801ac000: Unable to resolve constructor at 801ac000  
2026-09-14 20:21:53 WARN  (DecompileCallback) Decompiling 8018019c, pcode error at 801ac000: Unable to resolve constructor at 801ac000  
2026-09-14 20:21:55 WARN  (DecompileCallback) Decompiling 80180390, pcode error at 801ac000: Unable to resolve constructor at 801ac000  
2026-09-14 20:21:57 WARN  (DecompileCallback) Decompiling 80180420, pcode error at 801ac000: Unable to resolve constructor at 801ac000  
2026-09-14 20:21:59 WARN  (DecompileCallback) Decompiling 80180e48, pcode error at 801ac000: Unable to resolve constructor at 801ac000  
2026-09-14 20:22:01 WARN  (DecompileCallback) Decompiling 80181050, pcode error at 801ac000: Unable to resolve constructor at 801ac000  
2026-09-14 20:22:03 WARN  (DecompileCallback) Decompiling 80181408, pcode error at 801ac000: Unable to resolve constructor at 801ac000  
2026-09-14 20:22:05 WARN  (DecompileCallback) Decompiling 80181f88, pcode error at 801ac000: Unable to resolve constructor at 801ac000  
2026-09-14 20:22:07 WARN  (DecompileCallback) Decompiling 801820c0, pcode error at 801ac000: Unable to resolve constructor at 801ac000  
2026-09-14 20:22:08 WARN  (DecompileCallback) Decompiling 80182408, pcode error at 801ac000: Unable to resolve constructor at 801ac000  
2026-09-14 20:22:10 WARN  (DecompileCallback) Decompiling 80184210, pcode error at 801ac000: Unable to resolve constructor at 801ac000  
2026-09-14 20:22:10 INFO  (HeadlessAnalyzer) ANALYZING changes made by post scripts: file:////vmware-host/Shared Folders/Thomas/Projets/Forbidden memories/forbidden-memories-new3ds-main/work/extracted/payload.bin  
2026-09-14 20:22:10 INFO  (HeadlessAnalyzer) REPORT: Post-analysis succeeded for file: file:////vmware-host/Shared Folders/Thomas/Projets/Forbidden memories/forbidden-memories-new3ds-main/work/extracted/payload.bin  
2026-09-14 20:22:10 INFO  (LocalFileSystem) /payload.bin: file created (MAO)  
2026-09-14 20:22:11 INFO  (HeadlessAnalyzer) REPORT: Save succeeded for: /payload.bin (FM_FR:/payload.bin)  
2026-09-14 20:22:11 INFO  (HeadlessAnalyzer) REPORT: Import succeeded  
