[  1%] Building CXX object CMakeFiles/rabbitizer.dir/lib/rabbitizer/cplusplus/src/analysis/LoPairingInfo.cpp.o
[  3%] Building CXX object lib/fmt/CMakeFiles/fmt.dir/src/format.cc.o
[  5%] Building CXX object CMakeFiles/rabbitizer.dir/lib/rabbitizer/cplusplus/src/analysis/RegistersTracker.cpp.o
[  7%] Hashing codegen sources -> psxrecomp_baked_codegen_hash.h
-- overlay codegen hash: 0xf79998c2
[  9%] Building CXX object lib/fmt/CMakeFiles/fmt.dir/src/os.cc.o
[  9%] Built target psxrecomp_baked_codegen_hash
[ 11%] Building CXX object CMakeFiles/rabbitizer.dir/lib/rabbitizer/cplusplus/src/instructions/InstrId.cpp.o
[ 12%] Building CXX object CMakeFiles/rabbitizer.dir/lib/rabbitizer/cplusplus/src/instructions/InstrIdType.cpp.o
[ 14%] Building CXX object CMakeFiles/rabbitizer.dir/lib/rabbitizer/cplusplus/src/instructions/InstructionBase.cpp.o
[ 16%] Building CXX object CMakeFiles/rabbitizer.dir/lib/rabbitizer/cplusplus/src/instructions/InstructionCpu.cpp.o
[ 18%] Building CXX object CMakeFiles/rabbitizer.dir/lib/rabbitizer/cplusplus/src/instructions/InstructionR3000GTE.cpp.o
[ 20%] Building CXX object CMakeFiles/rabbitizer.dir/lib/rabbitizer/cplusplus/src/instructions/InstructionR5900.cpp.o
[ 22%] Building CXX object CMakeFiles/rabbitizer.dir/lib/rabbitizer/cplusplus/src/instructions/InstructionRsp.cpp.o
[ 24%] Building C object CMakeFiles/rabbitizer.dir/lib/rabbitizer/src/analysis/RabbitizerLoPairingInfo.c.o
[ 25%] Building C object CMakeFiles/rabbitizer.dir/lib/rabbitizer/src/analysis/RabbitizerRegistersTracker.c.o
[ 27%] Building C object CMakeFiles/rabbitizer.dir/lib/rabbitizer/src/analysis/RabbitizerTrackedRegisterState.c.o
[ 29%] Building C object CMakeFiles/rabbitizer.dir/lib/rabbitizer/src/common/RabbitizerConfig.c.o
[ 31%] Building C object CMakeFiles/rabbitizer.dir/lib/rabbitizer/src/common/RabbitizerVersion.c.o
[ 33%] Building C object CMakeFiles/rabbitizer.dir/lib/rabbitizer/src/common/Utils.c.o
[ 35%] Building C object CMakeFiles/rabbitizer.dir/lib/rabbitizer/src/instructions/RabbitizerInstrCategory.c.o
[ 37%] Building C object CMakeFiles/rabbitizer.dir/lib/rabbitizer/src/instructions/RabbitizerInstrDescriptor.c.o
[ 38%] Building C object CMakeFiles/rabbitizer.dir/lib/rabbitizer/src/instructions/RabbitizerInstrId.c.o
[ 40%] Building C object CMakeFiles/rabbitizer.dir/lib/rabbitizer/src/instructions/RabbitizerInstrIdType.c.o
[ 42%] Building C object CMakeFiles/rabbitizer.dir/lib/rabbitizer/src/instructions/RabbitizerInstrSuffix.c.o
[ 44%] Building C object CMakeFiles/rabbitizer.dir/lib/rabbitizer/src/instructions/RabbitizerInstructionCpu/RabbitizerInstructionCpu_OperandType.c.o
[ 46%] Building C object CMakeFiles/rabbitizer.dir/lib/rabbitizer/src/instructions/RabbitizerInstructionR3000GTE/RabbitizerInstructionR3000GTE.c.o
[ 48%] Building C object CMakeFiles/rabbitizer.dir/lib/rabbitizer/src/instructions/RabbitizerInstructionR3000GTE/RabbitizerInstructionR3000GTE_OperandType.c.o
[ 50%] Building C object CMakeFiles/rabbitizer.dir/lib/rabbitizer/src/instructions/RabbitizerInstructionR3000GTE/RabbitizerInstructionR3000GTE_ProcessUniqueId.c.o
[ 51%] Building C object CMakeFiles/rabbitizer.dir/lib/rabbitizer/src/instructions/RabbitizerInstructionR5900/RabbitizerInstructionR5900.c.o
[ 53%] Building C object CMakeFiles/rabbitizer.dir/lib/rabbitizer/src/instructions/RabbitizerInstructionR5900/RabbitizerInstructionR5900_OperandType.c.o
[ 55%] Building C object CMakeFiles/rabbitizer.dir/lib/rabbitizer/src/instructions/RabbitizerInstructionR5900/RabbitizerInstructionR5900_ProcessUniqueId.c.o
[ 57%] Building C object CMakeFiles/rabbitizer.dir/lib/rabbitizer/src/instructions/RabbitizerInstructionRsp/RabbitizerInstructionRsp.c.o
[ 59%] Building C object CMakeFiles/rabbitizer.dir/lib/rabbitizer/src/instructions/RabbitizerInstructionRsp/RabbitizerInstructionRsp_OperandType.c.o
[ 61%] Building C object CMakeFiles/rabbitizer.dir/lib/rabbitizer/src/instructions/RabbitizerInstructionRsp/RabbitizerInstructionRsp_ProcessUniqueId.c.o
[ 62%] Building C object CMakeFiles/rabbitizer.dir/lib/rabbitizer/src/instructions/RabbitizerInstruction/RabbitizerInstruction.c.o
[ 64%] Building C object CMakeFiles/rabbitizer.dir/lib/rabbitizer/src/instructions/RabbitizerInstruction/RabbitizerInstruction_Disassemble.c.o
[ 66%] Building C object CMakeFiles/rabbitizer.dir/lib/rabbitizer/src/instructions/RabbitizerInstruction/RabbitizerInstruction_Examination.c.o
[ 68%] Building C object CMakeFiles/rabbitizer.dir/lib/rabbitizer/src/instructions/RabbitizerInstruction/RabbitizerInstruction_Operand.c.o
[ 70%] Building C object CMakeFiles/rabbitizer.dir/lib/rabbitizer/src/instructions/RabbitizerRegister.c.o
[ 72%] Building C object CMakeFiles/rabbitizer.dir/lib/rabbitizer/src/instructions/RabbitizerInstruction/RabbitizerInstruction_ProcessUniqueId.c.o
[ 74%] Building C object CMakeFiles/rabbitizer.dir/lib/rabbitizer/src/instructions/RabbitizerRegisterDescriptor.c.o
[ 75%] Linking CXX static library librabbitizer.a
[ 77%] Linking CXX static library libfmt.a
[ 77%] Built target rabbitizer
[ 77%] Built target fmt
[ 79%] Building CXX object CMakeFiles/psxrecomp-game.dir/src/ps1_exe_parser.cpp.o
[ 81%] Building CXX object CMakeFiles/psxrecomp-game.dir/src/mips_decoder.cpp.o
[ 83%] Building CXX object CMakeFiles/psxrecomp-game.dir/src/control_flow.cpp.o
[ 85%] Building CXX object CMakeFiles/psxrecomp-game.dir/src/function_analysis.cpp.o
[ 87%] Building CXX object CMakeFiles/psxrecomp-game.dir/src/code_generator.cpp.o
[ 88%] Building CXX object CMakeFiles/psxrecomp-game.dir/src/pgxp_hook_emitter.cpp.o
[ 90%] Building CXX object CMakeFiles/psxrecomp-game.dir/src/bios_address_model.cpp.o
[ 92%] Building CXX object CMakeFiles/psxrecomp-game.dir/src/annotations.cpp.o
[ 94%] Building CXX object CMakeFiles/psxrecomp-game.dir/src/config_loader.cpp.o
[ 96%] Building CXX object CMakeFiles/psxrecomp-game.dir/src/recompiler_patch.cpp.o
[ 98%] Building CXX object CMakeFiles/psxrecomp-game.dir/src/main_psx.cpp.o
[100%] Linking CXX executable psxrecomp-game.exe
[100%] Built target psxrecomp-game
[ 50%] Built target fmt
[ 66%] Building CXX object CMakeFiles/psxrecomp-toml.dir/src/ps1_exe_parser.cpp.o
[ 83%] Building CXX object CMakeFiles/psxrecomp-toml.dir/src/main_toml.cpp.o
[100%] Linking CXX executable psxrecomp-toml.exe
[100%] Built target psxrecomp-toml
