-- The C compiler identification is GNU 15.3.0
-- The CXX compiler identification is GNU 15.3.0
-- Detecting C compiler ABI info
-- Detecting C compiler ABI info - done
-- Check for working C compiler: /usr/bin/cc.exe - skipped
-- Detecting C compile features
-- Detecting C compile features - done
-- Detecting CXX compiler ABI info
-- Detecting CXX compiler ABI info - done
-- Check for working CXX compiler: /usr/bin/c++.exe - skipped
-- Detecting CXX compile features
-- Detecting CXX compile features - done
-- Version: 9.1.1
-- Build type: Release
-- CXX_STANDARD: 20
-- Performing Test has_std_20_flag
-- Performing Test has_std_20_flag - Success
-- Performing Test has_std_2a_flag
-- Performing Test has_std_2a_flag - Success
-- Required features: cxx_variadic_templates
-- test-registration guard: 155 test file(s), all registered
-- Configuring done (10.4s)
-- Generating done (1.4s)
-- Build files have been written to: /home/mao/documents/forbidden-memories-new3ds/work/upstream-psxrecomp/recompiler/build-pc
